<?xml version="1.0" encoding="utf-8"?><testsuites><testsuite name="pytest" errors="0" failures="0" skipped="0" tests="311" time="2.594" timestamp="2024-11-01T19:52:49.680637-05:00" hostname="Geordi.local"><testcase classname="tests.test_address_groups.TestAddressGroupAPI" name="test_list_address_groups" file="tests/test_address_groups.py" line="36" time="0.023" /><testcase classname="tests.test_address_groups.TestAddressGroupAPI" name="test_create_address_group_with_dynamic_filter" file="tests/test_address_groups.py" line="86" time="0.002" /><testcase classname="tests.test_address_groups.TestAddressGroupAPI" name="test_create_address_group_with_static_entries" file="tests/test_address_groups.py" line="106" time="0.001" /><testcase classname="tests.test_address_groups.TestAddressGroupAPI" name="test_get_address_group" file="tests/test_address_groups.py" line="125" time="0.001" /><testcase classname="tests.test_address_groups.TestAddressGroupAPI" name="test_update_address_group" file="tests/test_address_groups.py" line="148" time="0.001" /><testcase classname="tests.test_address_groups.TestAddressGroupValidation" name="test_address_group_list_validation_error" file="tests/test_address_groups.py" line="178" time="0.001" /><testcase classname="tests.test_address_groups.TestAddressGroupValidation" name="test_address_group_request_model_no_type_provided" file="tests/test_address_groups.py" line="188" time="0.002" /><testcase classname="tests.test_address_groups.TestAddressGroupValidation" name="test_address_group_request_model_both_types_provided" file="tests/test_address_groups.py" line="201" time="0.001" /><testcase classname="tests.test_address_groups.TestAddressGroupValidation" name="test_address_group_request_model_no_container_provided" file="tests/test_address_groups.py" line="217" time="0.001" /><testcase classname="tests.test_address_groups.TestAddressGroupValidation" name="test_address_group_request_model_multiple_containers_provided" file="tests/test_address_groups.py" line="230" time="0.001" /><testcase classname="tests.test_address_groups.TestAddressGroupValidation" name="test_address_group_type_validation" file="tests/test_address_groups.py" line="245" time="0.001" /><testcase classname="tests.test_address_groups.TestAddressGroupValidation" name="test_address_group_container_validation_comprehensive" file="tests/test_address_groups.py" line="293" time="0.012" /><testcase classname="tests.test_address_groups.TestAddressGroupValidation" name="test_address_group_response_model_invalid_uuid" file="tests/test_address_groups.py" line="329" time="0.001" /><testcase classname="tests.test_address_groups.TestAddressGroupValidation" name="test_address_group_request_model_with_device_container" file="tests/test_address_groups.py" line="345" time="0.001" /><testcase classname="tests.test_address_groups.TestAddressGroupValidation" name="test_address_group_request_model_with_snippet_container" file="tests/test_address_groups.py" line="357" time="0.001" /><testcase classname="tests.test_address_groups.TestAddressGroupValidation" name="test_address_group_type_validation_all_cases" file="tests/test_address_groups.py" line="369" time="0.001" /><testcase classname="tests.test_address_groups.TestAddressGroupValidation" name="test_address_group_response_model_validation" file="tests/test_address_groups.py" line="416" time="0.001" /><testcase classname="tests.test_address_groups.TestAddressGroupFilters" name="test_address_group_list_with_filters" file="tests/test_address_groups.py" line="471" time="0.001" /><testcase classname="tests.test_address_groups.TestAddressGroupFilters" name="test_address_group_list_with_types_filter" file="tests/test_address_groups.py" line="509" time="0.001" /><testcase classname="tests.test_address_groups.TestAddressGroupFilters" name="test_address_group_list_with_values_filter" file="tests/test_address_groups.py" line="547" time="0.001" /><testcase classname="tests.test_address_groups.TestSuite" name="test_address_group_list_with_filters" file="tests/test_address_groups.py" line="471" time="0.001" /><testcase classname="tests.test_address_groups.TestSuite" name="test_address_group_list_with_types_filter" file="tests/test_address_groups.py" line="509" time="0.001" /><testcase classname="tests.test_address_groups.TestSuite" name="test_address_group_list_with_values_filter" file="tests/test_address_groups.py" line="547" time="0.001" /><testcase classname="tests.test_address_groups.TestSuite" name="test_address_group_list_validation_error" file="tests/test_address_groups.py" line="178" time="0.001" /><testcase classname="tests.test_address_groups.TestSuite" name="test_address_group_request_model_no_type_provided" file="tests/test_address_groups.py" line="188" time="0.001" /><testcase classname="tests.test_address_groups.TestSuite" name="test_address_group_request_model_both_types_provided" file="tests/test_address_groups.py" line="201" time="0.001" /><testcase classname="tests.test_address_groups.TestSuite" name="test_address_group_request_model_no_container_provided" file="tests/test_address_groups.py" line="217" time="0.001" /><testcase classname="tests.test_address_groups.TestSuite" name="test_address_group_request_model_multiple_containers_provided" file="tests/test_address_groups.py" line="230" time="0.001" /><testcase classname="tests.test_address_groups.TestSuite" name="test_address_group_type_validation" file="tests/test_address_groups.py" line="245" time="0.001" /><testcase classname="tests.test_address_groups.TestSuite" name="test_address_group_container_validation_comprehensive" file="tests/test_address_groups.py" line="293" time="0.001" /><testcase classname="tests.test_address_groups.TestSuite" name="test_address_group_response_model_invalid_uuid" file="tests/test_address_groups.py" line="329" time="0.001" /><testcase classname="tests.test_address_groups.TestSuite" name="test_address_group_request_model_with_device_container" file="tests/test_address_groups.py" line="345" time="0.001" /><testcase classname="tests.test_address_groups.TestSuite" name="test_address_group_request_model_with_snippet_container" file="tests/test_address_groups.py" line="357" time="0.001" /><testcase classname="tests.test_address_groups.TestSuite" name="test_address_group_type_validation_all_cases" file="tests/test_address_groups.py" line="369" time="0.001" /><testcase classname="tests.test_address_groups.TestSuite" name="test_address_group_response_model_validation" file="tests/test_address_groups.py" line="416" time="0.001" /><testcase classname="tests.test_address_groups.TestSuite" name="test_list_address_groups" file="tests/test_address_groups.py" line="36" time="0.001" /><testcase classname="tests.test_address_groups.TestSuite" name="test_create_address_group_with_dynamic_filter" file="tests/test_address_groups.py" line="86" time="0.001" /><testcase classname="tests.test_address_groups.TestSuite" name="test_create_address_group_with_static_entries" file="tests/test_address_groups.py" line="106" time="0.001" /><testcase classname="tests.test_address_groups.TestSuite" name="test_get_address_group" file="tests/test_address_groups.py" line="125" time="0.001" /><testcase classname="tests.test_address_groups.TestSuite" name="test_update_address_group" file="tests/test_address_groups.py" line="148" time="0.001" /><testcase classname="tests.test_addresses.TestAddressAPI" name="test_list_addresses" file="tests/test_addresses.py" line="30" time="0.001" /><testcase classname="tests.test_addresses.TestAddressAPI" name="test_create_address" file="tests/test_addresses.py" line="61" time="0.001" /><testcase classname="tests.test_addresses.TestAddressAPI" name="test_get_address" file="tests/test_addresses.py" line="82" time="0.001" /><testcase classname="tests.test_addresses.TestAddressAPI" name="test_update_address" file="tests/test_addresses.py" line="104" time="0.001" /><testcase classname="tests.test_addresses.TestAddressValidation" name="test_address_list_validation_error" file="tests/test_addresses.py" line="138" time="0.001" /><testcase classname="tests.test_addresses.TestAddressValidation" name="test_address_request_model_invalid_uuid" file="tests/test_addresses.py" line="148" time="0.001" /><testcase classname="tests.test_addresses.TestAddressValidation" name="test_address_request_model_no_address_type_provided" file="tests/test_addresses.py" line="160" time="0.001" /><testcase classname="tests.test_addresses.TestAddressValidation" name="test_address_request_model_multiple_address_types_provided" file="tests/test_addresses.py" line="173" time="0.001" /><testcase classname="tests.test_addresses.TestAddressValidation" name="test_address_request_model_no_container_provided" file="tests/test_addresses.py" line="188" time="0.001" /><testcase classname="tests.test_addresses.TestAddressValidation" name="test_address_request_model_multiple_containers_provided" file="tests/test_addresses.py" line="201" time="0.001" /><testcase classname="tests.test_addresses.TestAddressFilters" name="test_address_list_with_filters" file="tests/test_addresses.py" line="220" time="0.001" /><testcase classname="tests.test_addresses.TestAddressFilters" name="test_address_list_with_types_filter" file="tests/test_addresses.py" line="258" time="0.001" /><testcase classname="tests.test_addresses.TestAddressFilters" name="test_address_list_with_values_filter" file="tests/test_addresses.py" line="296" time="0.001" /><testcase classname="tests.test_addresses.TestAddressModels" name="test_address_request_model_validation" file="tests/test_addresses.py" line="330" time="0.001" /><testcase classname="tests.test_addresses.TestAddressModels" name="test_address_response_model_validation" file="tests/test_addresses.py" line="353" time="0.001" /><testcase classname="tests.test_addresses.TestAddressCustomValidators" name="test_uuid_validator_response_model" file="tests/test_addresses.py" line="389" time="0.001" /><testcase classname="tests.test_addresses.TestAddressCustomValidators" name="test_request_model_has_no_id" file="tests/test_addresses.py" line="449" time="0.001" /><testcase classname="tests.test_addresses.TestSuite" name="test_uuid_validator_response_model" file="tests/test_addresses.py" line="389" time="0.001" /><testcase classname="tests.test_addresses.TestSuite" name="test_request_model_has_no_id" file="tests/test_addresses.py" line="449" time="0.001" /><testcase classname="tests.test_addresses.TestSuite" name="test_address_request_model_validation" file="tests/test_addresses.py" line="330" time="0.001" /><testcase classname="tests.test_addresses.TestSuite" name="test_address_response_model_validation" file="tests/test_addresses.py" line="353" time="0.001" /><testcase classname="tests.test_addresses.TestSuite" name="test_address_list_with_filters" file="tests/test_addresses.py" line="220" time="0.001" /><testcase classname="tests.test_addresses.TestSuite" name="test_address_list_with_types_filter" file="tests/test_addresses.py" line="258" time="0.001" /><testcase classname="tests.test_addresses.TestSuite" name="test_address_list_with_values_filter" file="tests/test_addresses.py" line="296" time="0.001" /><testcase classname="tests.test_addresses.TestSuite" name="test_address_list_validation_error" file="tests/test_addresses.py" line="138" time="0.001" /><testcase classname="tests.test_addresses.TestSuite" name="test_address_request_model_invalid_uuid" file="tests/test_addresses.py" line="148" time="0.001" /><testcase classname="tests.test_addresses.TestSuite" name="test_address_request_model_no_address_type_provided" file="tests/test_addresses.py" line="160" time="0.001" /><testcase classname="tests.test_addresses.TestSuite" name="test_address_request_model_multiple_address_types_provided" file="tests/test_addresses.py" line="173" time="0.001" /><testcase classname="tests.test_addresses.TestSuite" name="test_address_request_model_no_container_provided" file="tests/test_addresses.py" line="188" time="0.001" /><testcase classname="tests.test_addresses.TestSuite" name="test_address_request_model_multiple_containers_provided" file="tests/test_addresses.py" line="201" time="0.001" /><testcase classname="tests.test_addresses.TestSuite" name="test_list_addresses" file="tests/test_addresses.py" line="30" time="0.001" /><testcase classname="tests.test_addresses.TestSuite" name="test_create_address" file="tests/test_addresses.py" line="61" time="0.001" /><testcase classname="tests.test_addresses.TestSuite" name="test_get_address" file="tests/test_addresses.py" line="82" time="0.001" /><testcase classname="tests.test_addresses.TestSuite" name="test_update_address" file="tests/test_addresses.py" line="104" time="0.001" /><testcase classname="tests.test_anti_spyware_profiles.TestAntiSpywareProfileAPI" name="test_list_anti_spyware_profiles" file="tests/test_anti_spyware_profiles.py" line="41" time="0.001" /><testcase classname="tests.test_anti_spyware_profiles.TestAntiSpywareProfileAPI" name="test_create_anti_spyware_profile" file="tests/test_anti_spyware_profiles.py" line="103" time="0.001" /><testcase classname="tests.test_anti_spyware_profiles.TestAntiSpywareProfileAPI" name="test_get_anti_spyware_profile" file="tests/test_anti_spyware_profiles.py" line="124" time="0.001" /><testcase classname="tests.test_anti_spyware_profiles.TestAntiSpywareProfileAPI" name="test_update_anti_spyware_profile" file="tests/test_anti_spyware_profiles.py" line="147" time="0.001" /><testcase classname="tests.test_anti_spyware_profiles.TestAntiSpywareProfileAPI" name="test_delete_anti_spyware_profile" file="tests/test_anti_spyware_profiles.py" line="182" time="0.001" /><testcase classname="tests.test_anti_spyware_profiles.TestAntiSpywareProfileValidation" name="test_anti_spyware_profile_list_validation_error" file="tests/test_anti_spyware_profiles.py" line="194" time="0.001" /><testcase classname="tests.test_anti_spyware_profiles.TestAntiSpywareProfileValidation" name="test_anti_spyware_profile_request_model_validation_errors" file="tests/test_anti_spyware_profiles.py" line="203" time="0.001" /><testcase classname="tests.test_anti_spyware_profiles.TestAntiSpywareProfileValidation" name="test_rule_request_model_validation" file="tests/test_anti_spyware_profiles.py" line="231" time="0.001" /><testcase classname="tests.test_anti_spyware_profiles.TestAntiSpywareProfileValidation" name="test_threat_exception_request_model_validation" file="tests/test_anti_spyware_profiles.py" line="242" time="0.001" /><testcase classname="tests.test_anti_spyware_profiles.TestAntiSpywareProfilePagination" name="test_list_anti_spyware_profiles_with_pagination" file="tests/test_anti_spyware_profiles.py" line="258" time="0.001" /><testcase classname="tests.test_anti_spyware_profiles.TestAntiSpywareProfilePagination" name="test_list_anti_spyware_profiles_with_invalid_pagination" file="tests/test_anti_spyware_profiles.py" line="287" time="0.001" /><testcase classname="tests.test_anti_spyware_profiles.TestAntiSpywareProfileFilters" name="test_list_anti_spyware_profiles_with_name_filter" file="tests/test_anti_spyware_profiles.py" line="302" time="0.001" /><testcase classname="tests.test_anti_spyware_profiles.TestAntiSpywareProfileFilters" name="test_list_anti_spyware_profiles_with_all_parameters" file="tests/test_anti_spyware_profiles.py" line="330" time="0.001" /><testcase classname="tests.test_anti_spyware_profiles.TestAntiSpywareProfileActions" name="test_action_request_check_and_transform_action" file="tests/test_anti_spyware_profiles.py" line="363" time="0.001" /><testcase classname="tests.test_anti_spyware_profiles.TestAntiSpywareProfileActions" name="test_action_request_get_action_name" file="tests/test_anti_spyware_profiles.py" line="391" time="0.015" /><testcase classname="tests.test_anti_spyware_profiles.TestAntiSpywareProfileActions" name="test_action_response_check_action" file="tests/test_anti_spyware_profiles.py" line="399" time="0.001" /><testcase classname="tests.test_anti_spyware_profiles.TestAntiSpywareProfileActions" name="test_action_response_get_action_name" file="tests/test_anti_spyware_profiles.py" line="425" time="0.001" /><testcase classname="tests.test_anti_spyware_profiles.TestAntiSpywareProfileActions" name="test_anti_spyware_profile_response_model_invalid_uuid" file="tests/test_anti_spyware_profiles.py" line="436" time="0.001" /><testcase classname="tests.test_anti_spyware_profiles.TestSuite" name="test_action_request_check_and_transform_action" file="tests/test_anti_spyware_profiles.py" line="363" time="0.001" /><testcase classname="tests.test_anti_spyware_profiles.TestSuite" name="test_action_request_get_action_name" file="tests/test_anti_spyware_profiles.py" line="391" time="0.001" /><testcase classname="tests.test_anti_spyware_profiles.TestSuite" name="test_action_response_check_action" file="tests/test_anti_spyware_profiles.py" line="399" time="0.001" /><testcase classname="tests.test_anti_spyware_profiles.TestSuite" name="test_action_response_get_action_name" file="tests/test_anti_spyware_profiles.py" line="425" time="0.001" /><testcase classname="tests.test_anti_spyware_profiles.TestSuite" name="test_anti_spyware_profile_response_model_invalid_uuid" file="tests/test_anti_spyware_profiles.py" line="436" time="0.001" /><testcase classname="tests.test_anti_spyware_profiles.TestSuite" name="test_list_anti_spyware_profiles_with_name_filter" file="tests/test_anti_spyware_profiles.py" line="302" time="0.001" /><testcase classname="tests.test_anti_spyware_profiles.TestSuite" name="test_list_anti_spyware_profiles_with_all_parameters" file="tests/test_anti_spyware_profiles.py" line="330" time="0.001" /><testcase classname="tests.test_anti_spyware_profiles.TestSuite" name="test_list_anti_spyware_profiles_with_pagination" file="tests/test_anti_spyware_profiles.py" line="258" time="0.001" /><testcase classname="tests.test_anti_spyware_profiles.TestSuite" name="test_list_anti_spyware_profiles_with_invalid_pagination" file="tests/test_anti_spyware_profiles.py" line="287" time="0.001" /><testcase classname="tests.test_anti_spyware_profiles.TestSuite" name="test_anti_spyware_profile_list_validation_error" file="tests/test_anti_spyware_profiles.py" line="194" time="0.001" /><testcase classname="tests.test_anti_spyware_profiles.TestSuite" name="test_anti_spyware_profile_request_model_validation_errors" file="tests/test_anti_spyware_profiles.py" line="203" time="0.001" /><testcase classname="tests.test_anti_spyware_profiles.TestSuite" name="test_rule_request_model_validation" file="tests/test_anti_spyware_profiles.py" line="231" time="0.001" /><testcase classname="tests.test_anti_spyware_profiles.TestSuite" name="test_threat_exception_request_model_validation" file="tests/test_anti_spyware_profiles.py" line="242" time="0.001" /><testcase classname="tests.test_anti_spyware_profiles.TestSuite" name="test_list_anti_spyware_profiles" file="tests/test_anti_spyware_profiles.py" line="41" time="0.001" /><testcase classname="tests.test_anti_spyware_profiles.TestSuite" name="test_create_anti_spyware_profile" file="tests/test_anti_spyware_profiles.py" line="103" time="0.001" /><testcase classname="tests.test_anti_spyware_profiles.TestSuite" name="test_get_anti_spyware_profile" file="tests/test_anti_spyware_profiles.py" line="124" time="0.001" /><testcase classname="tests.test_anti_spyware_profiles.TestSuite" name="test_update_anti_spyware_profile" file="tests/test_anti_spyware_profiles.py" line="147" time="0.001" /><testcase classname="tests.test_anti_spyware_profiles.TestSuite" name="test_delete_anti_spyware_profile" file="tests/test_anti_spyware_profiles.py" line="182" time="0.001" /><testcase classname="tests.test_api" name="test_auth" file="tests/test_api.py" line="8" time="1.771" /><testcase classname="tests.test_application_groups" name="test_list_application_groups" file="tests/test_application_groups.py" line="14" time="0.004" /><testcase classname="tests.test_application_groups" name="test_create_application_group" file="tests/test_application_groups.py" line="126" time="0.002" /><testcase classname="tests.test_application_groups" name="test_get_application_group" file="tests/test_application_groups.py" line="155" time="0.001" /><testcase classname="tests.test_application_groups" name="test_update_application_group" file="tests/test_application_groups.py" line="187" time="0.001" /><testcase classname="tests.test_application_groups" name="test_application_group_list_validation_error" file="tests/test_application_groups.py" line="234" time="0.001" /><testcase classname="tests.test_application_groups" name="test_application_group_list_with_types_filter" file="tests/test_application_groups.py" line="248" time="0.002" /><testcase classname="tests.test_application_groups" name="test_application_group_list_with_values_filter" file="tests/test_application_groups.py" line="354" time="0.001" /><testcase classname="tests.test_application_groups" name="test_application_group_list_with_names_filter" file="tests/test_application_groups.py" line="460" time="0.002" /><testcase classname="tests.test_application_groups" name="test_application_group_request_model_no_container_provided" file="tests/test_application_groups.py" line="510" time="0.000" /><testcase classname="tests.test_application_groups" name="test_application_request_model_multiple_containers_provided" file="tests/test_application_groups.py" line="524" time="0.000" /><testcase classname="tests.test_application_groups" name="test_application_group_response_model_invalid_uuid" file="tests/test_application_groups.py" line="540" time="0.000" /><testcase classname="tests.test_applications" name="test_list_applications" file="tests/test_applications.py" line="10" time="0.001" /><testcase classname="tests.test_applications" name="test_create_application" file="tests/test_applications.py" line="104" time="0.001" /><testcase classname="tests.test_applications" name="test_get_application" file="tests/test_applications.py" line="152" time="0.001" /><testcase classname="tests.test_applications" name="test_update_application" file="tests/test_applications.py" line="180" time="0.001" /><testcase classname="tests.test_applications" name="test_application_list_validation_error" file="tests/test_applications.py" line="222" time="0.001" /><testcase classname="tests.test_applications" name="test_application_list_with_types_filter" file="tests/test_applications.py" line="236" time="0.001" /><testcase classname="tests.test_applications" name="test_application_list_with_values_filter" file="tests/test_applications.py" line="286" time="0.001" /><testcase classname="tests.test_applications" name="test_application_list_with_names_filter" file="tests/test_applications.py" line="326" time="0.001" /><testcase classname="tests.test_applications" name="test_application_request_model_no_container_provided" file="tests/test_applications.py" line="376" time="0.000" /><testcase classname="tests.test_applications" name="test_application_request_model_multiple_containers_provided" file="tests/test_applications.py" line="392" time="0.000" /><testcase classname="tests.test_auth" name="test_decode_token_success" file="tests/test_auth.py" line="46" time="0.002" /><testcase classname="tests.test_auth" name="test_decode_token_expired" file="tests/test_auth.py" line="58" time="0.003" /><testcase classname="tests.test_auth" name="test_is_expired_false" file="tests/test_auth.py" line="64" time="0.002" /><testcase classname="tests.test_auth" name="test_is_expired_true" file="tests/test_auth.py" line="69" time="0.002" /><testcase classname="tests.test_auth" name="test_refresh_token_success" file="tests/test_auth.py" line="74" time="0.002" /><testcase classname="tests.test_auth" name="test_refresh_token_exception" file="tests/test_auth.py" line="100" time="0.001" /><testcase classname="tests.test_client" name="test_scm_init_value_error" file="tests/test_client.py" line="22" time="0.000" /><testcase classname="tests.test_client" name="test_request_http_error" file="tests/test_client.py" line="33" time="0.001" /><testcase classname="tests.test_client" name="test_request_general_exception" file="tests/test_client.py" line="55" time="0.001" /><testcase classname="tests.test_client" name="test_handle_api_error" file="tests/test_client.py" line="67" time="0.002" /><testcase classname="tests.test_client" name="test_handle_api_error_unknown_status" file="tests/test_client.py" line="207" time="0.000" /><testcase classname="tests.test_client" name="test_get_method" file="tests/test_client.py" line="225" time="0.001" /><testcase classname="tests.test_client" name="test_post_method_token_refresh" file="tests/test_client.py" line="239" time="0.001" /><testcase classname="tests.test_client" name="test_request_http_error_no_content" file="tests/test_client.py" line="255" time="0.001" /><testcase classname="tests.test_client" name="test_request_success" file="tests/test_client.py" line="273" time="0.002" /><testcase classname="tests.test_client" name="test_get_method_token_refresh" file="tests/test_client.py" line="291" time="0.001" /><testcase classname="tests.test_client" name="test_put_method_token_refresh" file="tests/test_client.py" line="307" time="0.002" /><testcase classname="tests.test_client" name="test_delete_method_token_refresh" file="tests/test_client.py" line="323" time="0.001" /><testcase classname="tests.test_client" name="test_request_json_exception" file="tests/test_client.py" line="337" time="0.002" /><testcase classname="tests.test_client" name="test_request_empty_response" file="tests/test_client.py" line="353" time="0.001" /><testcase classname="tests.test_config_baseobject" name="test_baseobject_init" file="tests/test_config_baseobject.py" line="18" time="0.001" /><testcase classname="tests.test_config_baseobject" name="test_baseobject_create" file="tests/test_config_baseobject.py" line="23" time="0.001" /><testcase classname="tests.test_config_baseobject" name="test_baseobject_get" file="tests/test_config_baseobject.py" line="34" time="0.001" /><testcase classname="tests.test_config_baseobject" name="test_baseobject_update" file="tests/test_config_baseobject.py" line="45" time="0.001" /><testcase classname="tests.test_config_baseobject" name="test_baseobject_delete" file="tests/test_config_baseobject.py" line="57" time="0.001" /><testcase classname="tests.test_config_baseobject" name="test_baseobject_list" file="tests/test_config_baseobject.py" line="66" time="0.001" /><testcase classname="tests.test_config_baseobject" name="test_baseobject_list_empty_response" file="tests/test_config_baseobject.py" line="83" time="0.001" /><testcase classname="tests.test_config_baseobject" name="test_baseobject_list_no_filters" file="tests/test_config_baseobject.py" line="93" time="0.001" /><testcase classname="tests.test_config_baseobject" name="test_baseobject_create_api_error" file="tests/test_config_baseobject.py" line="109" time="0.001" /><testcase classname="tests.test_decryption_profiles" name="test_list_decryption_profiles" file="tests/test_decryption_profiles.py" line="19" time="0.001" /><testcase classname="tests.test_decryption_profiles" name="test_create_decryption_profile" file="tests/test_decryption_profiles.py" line="93" time="0.001" /><testcase classname="tests.test_decryption_profiles" name="test_get_decryption_profile" file="tests/test_decryption_profiles.py" line="142" time="0.001" /><testcase classname="tests.test_decryption_profiles" name="test_update_decryption_profile" file="tests/test_decryption_profiles.py" line="184" time="0.001" /><testcase classname="tests.test_decryption_profiles" name="test_delete_decryption_profile" file="tests/test_decryption_profiles.py" line="235" time="0.001" /><testcase classname="tests.test_decryption_profiles" name="test_decryption_profile_request_model_validation_errors" file="tests/test_decryption_profiles.py" line="257" time="0.000" /><testcase classname="tests.test_decryption_profiles" name="test_decryption_profile_list_validation_error" file="tests/test_decryption_profiles.py" line="337" time="0.001" /><testcase classname="tests.test_decryption_profiles" name="test_decryption_profile_list_with_invalid_pagination" file="tests/test_decryption_profiles.py" line="354" time="0.001" /><testcase classname="tests.test_decryption_profiles" name="test_list_decryption_profiles_with_pagination" file="tests/test_decryption_profiles.py" line="370" time="0.001" /><testcase classname="tests.test_decryption_profiles" name="test_decryption_profile_list_with_name_filter" file="tests/test_decryption_profiles.py" line="410" time="0.001" /><testcase classname="tests.test_decryption_profiles" name="test_ssl_protocol_settings_model_validation" file="tests/test_decryption_profiles.py" line="449" time="0.000" /><testcase classname="tests.test_decryption_profiles" name="test_ssl_forward_proxy_model" file="tests/test_decryption_profiles.py" line="505" time="0.000" /><testcase classname="tests.test_decryption_profiles" name="test_ssl_inbound_proxy_model" file="tests/test_decryption_profiles.py" line="527" time="0.000" /><testcase classname="tests.test_decryption_profiles" name="test_ssl_no_proxy_model" file="tests/test_decryption_profiles.py" line="544" time="0.000" /><testcase classname="tests.test_decryption_profiles" name="test_decryption_profile_request_model" file="tests/test_decryption_profiles.py" line="561" time="0.000" /><testcase classname="tests.test_decryption_profiles" name="test_decryption_profile_response_model" file="tests/test_decryption_profiles.py" line="623" time="0.000" /><testcase classname="tests.test_decryption_profiles" name="test_decryption_profiles_response_model" file="tests/test_decryption_profiles.py" line="649" time="0.000" /><testcase classname="tests.test_decryption_profiles" name="test_ssl_protocol_settings_validator_with_max_version_less_than_min_version" file="tests/test_decryption_profiles.py" line="679" time="0.000" /><testcase classname="tests.test_decryption_profiles" name="test_decryption_profile_create_with_invalid_ssl_versions" file="tests/test_decryption_profiles.py" line="692" time="0.001" /><testcase classname="tests.test_dns_security_profiles.TestDNSSecurityProfileAPI" name="test_list_dns_security_profiles" file="tests/test_dns_security_profiles.py" line="40" time="0.001" /><testcase classname="tests.test_dns_security_profiles.TestDNSSecurityProfileAPI" name="test_create_dns_security_profile" file="tests/test_dns_security_profiles.py" line="178" time="0.003" /><testcase classname="tests.test_dns_security_profiles.TestDNSSecurityProfileAPI" name="test_get_dns_security_profile" file="tests/test_dns_security_profiles.py" line="201" time="0.001" /><testcase classname="tests.test_dns_security_profiles.TestDNSSecurityProfileAPI" name="test_update_dns_security_profile" file="tests/test_dns_security_profiles.py" line="243" time="0.001" /><testcase classname="tests.test_dns_security_profiles.TestDNSSecurityProfileAPI" name="test_delete_dns_security_profile" file="tests/test_dns_security_profiles.py" line="292" time="0.001" /><testcase classname="tests.test_dns_security_profiles.TestDNSSecurityProfileValidation" name="test_dns_security_profile_request_model_validation_errors" file="tests/test_dns_security_profiles.py" line="307" time="0.001" /><testcase classname="tests.test_dns_security_profiles.TestDNSSecurityProfileValidation" name="test_dns_security_profile_list_validation_error" file="tests/test_dns_security_profiles.py" line="369" time="0.001" /><testcase classname="tests.test_dns_security_profiles.TestDNSSecurityProfileValidation" name="test_dns_security_profile_list_with_invalid_pagination" file="tests/test_dns_security_profiles.py" line="379" time="0.001" /><testcase classname="tests.test_dns_security_profiles.TestListActionValidation" name="test_list_action_request_validation" file="tests/test_dns_security_profiles.py" line="395" time="0.000" /><testcase classname="tests.test_dns_security_profiles.TestListActionValidation" name="test_list_action_response_validation" file="tests/test_dns_security_profiles.py" line="425" time="0.001" /><testcase classname="tests.test_dns_security_profiles.TestListActionValidation" name="test_list_action_get_action_name" file="tests/test_dns_security_profiles.py" line="453" time="0.000" /><testcase classname="tests.test_dns_security_profiles.TestListActionValidation" name="test_list_action_response_invalid_non_empty_dict" file="tests/test_dns_security_profiles.py" line="464" time="0.000" /><testcase classname="tests.test_dns_security_profiles.TestModelValidation" name="test_dns_security_profile_response_id_validation" file="tests/test_dns_security_profiles.py" line="486" time="0.000" /><testcase classname="tests.test_dns_security_profiles.TestDNSSecurityProfilePagination" name="test_list_dns_security_profiles_with_pagination" file="tests/test_dns_security_profiles.py" line="524" time="0.001" /><testcase classname="tests.test_dns_security_profiles.TestDNSSecurityProfilePagination" name="test_list_dns_security_profiles_with_name_filter" file="tests/test_dns_security_profiles.py" line="562" time="0.001" /><testcase classname="tests.test_dns_security_profiles.TestSuite" name="test_dns_security_profile_response_id_validation" file="tests/test_dns_security_profiles.py" line="486" time="0.001" /><testcase classname="tests.test_dns_security_profiles.TestSuite" name="test_list_dns_security_profiles_with_pagination" file="tests/test_dns_security_profiles.py" line="524" time="0.001" /><testcase classname="tests.test_dns_security_profiles.TestSuite" name="test_list_dns_security_profiles_with_name_filter" file="tests/test_dns_security_profiles.py" line="562" time="0.001" /><testcase classname="tests.test_dns_security_profiles.TestSuite" name="test_list_action_request_validation" file="tests/test_dns_security_profiles.py" line="395" time="0.001" /><testcase classname="tests.test_dns_security_profiles.TestSuite" name="test_list_action_response_validation" file="tests/test_dns_security_profiles.py" line="425" time="0.001" /><testcase classname="tests.test_dns_security_profiles.TestSuite" name="test_list_action_get_action_name" file="tests/test_dns_security_profiles.py" line="453" time="0.021" /><testcase classname="tests.test_dns_security_profiles.TestSuite" name="test_list_action_response_invalid_non_empty_dict" file="tests/test_dns_security_profiles.py" line="464" time="0.001" /><testcase classname="tests.test_dns_security_profiles.TestSuite" name="test_dns_security_profile_request_model_validation_errors" file="tests/test_dns_security_profiles.py" line="307" time="0.001" /><testcase classname="tests.test_dns_security_profiles.TestSuite" name="test_dns_security_profile_list_validation_error" file="tests/test_dns_security_profiles.py" line="369" time="0.001" /><testcase classname="tests.test_dns_security_profiles.TestSuite" name="test_dns_security_profile_list_with_invalid_pagination" file="tests/test_dns_security_profiles.py" line="379" time="0.001" /><testcase classname="tests.test_dns_security_profiles.TestSuite" name="test_list_dns_security_profiles" file="tests/test_dns_security_profiles.py" line="40" time="0.001" /><testcase classname="tests.test_dns_security_profiles.TestSuite" name="test_create_dns_security_profile" file="tests/test_dns_security_profiles.py" line="178" time="0.002" /><testcase classname="tests.test_dns_security_profiles.TestSuite" name="test_get_dns_security_profile" file="tests/test_dns_security_profiles.py" line="201" time="0.001" /><testcase classname="tests.test_dns_security_profiles.TestSuite" name="test_update_dns_security_profile" file="tests/test_dns_security_profiles.py" line="243" time="0.001" /><testcase classname="tests.test_dns_security_profiles.TestSuite" name="test_delete_dns_security_profile" file="tests/test_dns_security_profiles.py" line="292" time="0.001" /><testcase classname="tests.test_models" name="test_address_name_exists" file="tests/test_models.py" line="21" time="0.000" /><testcase classname="tests.test_models" name="test_address_group_name_exists" file="tests/test_models.py" line="33" time="0.000" /><testcase classname="tests.test_models" name="test_address_name_max_length" file="tests/test_models.py" line="48" time="0.000" /><testcase classname="tests.test_models" name="test_address_group_name_max_length" file="tests/test_models.py" line="58" time="0.000" /><testcase classname="tests.test_models" name="test_address_valid_creation" file="tests/test_models.py" line="72" time="0.000" /><testcase classname="tests.test_models" name="test_address_group_static_valid_creation" file="tests/test_models.py" line="88" time="0.000" /><testcase classname="tests.test_models" name="test_address_group_dynamic_valid_creation" file="tests/test_models.py" line="104" time="0.000" /><testcase classname="tests.test_models" name="test_address_creation_with_factory" file="tests/test_models.py" line="133" time="0.000" /><testcase classname="tests.test_models" name="test_address_group_creation_with_factory" file="tests/test_models.py" line="139" time="0.000" /><testcase classname="tests.test_models" name="test_address_single_address_type" file="tests/test_models.py" line="148" time="0.000" /><testcase classname="tests.test_security_rules.TestSecurityRuleBasicOperations" name="test_create_security_rule" file="tests/test_security_rules.py" line="27" time="0.001" /><testcase classname="tests.test_security_rules.TestSecurityRuleBasicOperations" name="test_create_with_explicit_rulebase" file="tests/test_security_rules.py" line="57" time="0.001" /><testcase classname="tests.test_security_rules.TestSecurityRuleAPI" name="test_list_security_rules" file="tests/test_security_rules.py" line="95" time="0.001" /><testcase classname="tests.test_security_rules.TestSecurityRuleAPI" name="test_create_security_rule" file="tests/test_security_rules.py" line="477" time="0.001" /><testcase classname="tests.test_security_rules.TestSecurityRuleAPI" name="test_create_security_rule_with_explicit_rulebase" file="tests/test_security_rules.py" line="511" time="0.001" /><testcase classname="tests.test_security_rules.TestSecurityRuleAPI" name="test_update_security_rule" file="tests/test_security_rules.py" line="544" time="0.001" /><testcase classname="tests.test_security_rules.TestSecurityRuleAPI" name="test_get_security_rule" file="tests/test_security_rules.py" line="576" time="0.001" /><testcase classname="tests.test_security_rules.TestSecurityRuleAPI" name="test_delete_security_rule" file="tests/test_security_rules.py" line="610" time="0.001" /><testcase classname="tests.test_security_rules.TestSecurityRuleAPI" name="test_security_rule_list_with_invalid_offset_limit" file="tests/test_security_rules.py" line="628" time="0.001" /><testcase classname="tests.test_security_rules.TestSecurityRuleAPI" name="test_security_rule_list_no_container_provided" file="tests/test_security_rules.py" line="667" time="0.001" /><testcase classname="tests.test_security_rules.TestSecurityRuleAPI" name="test_security_rule_list_multiple_containers_provided" file="tests/test_security_rules.py" line="688" time="0.001" /><testcase classname="tests.test_security_rules.TestSecurityRuleAPI" name="test_security_rule_list_with_name_filter" file="tests/test_security_rules.py" line="712" time="0.001" /><testcase classname="tests.test_security_rules.TestSecurityRuleAPI" name="test_security_rule_list_with_additional_filters" file="tests/test_security_rules.py" line="747" time="0.001" /><testcase classname="tests.test_security_rules.TestSecurityRuleAPI" name="test_security_rule_list_with_offset_limit" file="tests/test_security_rules.py" line="792" time="0.001" /><testcase classname="tests.test_security_rules.TestSecurityRuleAPI" name="test_invalid_rulebase_value" file="tests/test_security_rules.py" line="828" time="0.001" /><testcase classname="tests.test_security_rules.TestSecurityRuleAPI" name="test_update_security_rule_with_invalid_rulebase" file="tests/test_security_rules.py" line="857" time="0.001" /><testcase classname="tests.test_security_rules.TestSecurityRuleAPI" name="test_update_security_rule_with_alternate_case" file="tests/test_security_rules.py" line="880" time="0.001" /><testcase classname="tests.test_security_rules.TestSecurityRuleAPI" name="test_delete_security_rule_with_invalid_rulebase" file="tests/test_security_rules.py" line="913" time="0.001" /><testcase classname="tests.test_security_rules.TestSecurityRuleAPI" name="test_delete_security_rule_with_alternate_case" file="tests/test_security_rules.py" line="932" time="0.001" /><testcase classname="tests.test_security_rules.TestSecurityRuleAPI" name="test_get_security_rule_with_invalid_rulebase" file="tests/test_security_rules.py" line="950" time="0.001" /><testcase classname="tests.test_security_rules.TestSecurityRuleAPI" name="test_get_security_rule_with_alternate_case" file="tests/test_security_rules.py" line="968" time="0.001" /><testcase classname="tests.test_security_rules.TestSecurityRuleModels" name="test_create_security_rule_with_invalid_names" file="tests/test_security_rules.py" line="1007" time="0.001" /><testcase classname="tests.test_security_rules.TestSecurityRuleModels" name="test_security_rule_response_model_invalid_uuid" file="tests/test_security_rules.py" line="1067" time="0.000" /><testcase classname="tests.test_security_rules.TestSecurityRuleModels" name="test_security_rule_request_model_no_container_provided" file="tests/test_security_rules.py" line="1083" time="0.000" /><testcase classname="tests.test_security_rules.TestSecurityRuleModels" name="test_security_rule_request_model_multiple_containers_provided" file="tests/test_security_rules.py" line="1099" time="0.000" /><testcase classname="tests.test_security_rules.TestSecurityRuleModels" name="test_ensure_list_of_strings_single_string" file="tests/test_security_rules.py" line="1117" time="0.000" /><testcase classname="tests.test_security_rules.TestSecurityRuleModels" name="test_ensure_list_of_strings_invalid_type" file="tests/test_security_rules.py" line="1132" time="0.000" /><testcase classname="tests.test_security_rules.TestSecurityRuleModels" name="test_ensure_list_of_strings_non_string_items" file="tests/test_security_rules.py" line="1146" time="0.000" /><testcase classname="tests.test_security_rules.TestSecurityRuleModels" name="test_ensure_unique_items" file="tests/test_security_rules.py" line="1160" time="0.000" /><testcase classname="tests.test_security_rules.TestStringValidator" name="test_string_validator" file="tests/test_security_rules.py" line="1178" time="0.000" /><testcase classname="tests.test_security_rules.TestProfileSetting" name="test_profile_setting_validate_unique_items" file="tests/test_security_rules.py" line="1199" time="0.000" /><testcase classname="tests.test_security_rules.TestSecurityRuleMoveModel" name="test_validate_uuid_fields_none_value" file="tests/test_security_rules.py" line="1216" time="0.000" /><testcase classname="tests.test_security_rules.TestSecurityRuleMoveModel" name="test_validate_uuid_fields_valid_uuid" file="tests/test_security_rules.py" line="1226" time="0.000" /><testcase classname="tests.test_security_rules.TestSecurityRuleMoveModel" name="test_validate_uuid_fields_invalid_uuid" file="tests/test_security_rules.py" line="1236" time="0.000" /><testcase classname="tests.test_security_rules.TestSecurityRuleMoveModel" name="test_validate_uuid_fields_both_fields" file="tests/test_security_rules.py" line="1245" time="0.000" /><testcase classname="tests.test_security_rules.TestSecurityRuleMoveModel" name="test_validate_move_configuration_before_with_destination_rule" file="tests/test_security_rules.py" line="1258" time="0.000" /><testcase classname="tests.test_security_rules.TestSecurityRuleMoveModel" name="test_validate_move_configuration_after_with_destination_rule" file="tests/test_security_rules.py" line="1268" time="0.000" /><testcase classname="tests.test_security_rules.TestSecurityRuleMoveModel" name="test_validate_move_configuration_before_without_destination_rule" file="tests/test_security_rules.py" line="1278" time="0.000" /><testcase classname="tests.test_security_rules.TestSecurityRuleMoveModel" name="test_validate_move_configuration_after_without_destination_rule" file="tests/test_security_rules.py" line="1290" time="0.000" /><testcase classname="tests.test_security_rules.TestSecurityRuleMoveModel" name="test_validate_move_configuration_top_with_destination_rule" file="tests/test_security_rules.py" line="1301" time="0.000" /><testcase classname="tests.test_security_rules.TestSecurityRuleMoveModel" name="test_validate_move_configuration_bottom_with_destination_rule" file="tests/test_security_rules.py" line="1314" time="0.000" /><testcase classname="tests.test_security_rules.TestSecurityRuleMoveModel" name="test_validate_move_configuration_successful_return" file="tests/test_security_rules.py" line="1327" time="0.000" /><testcase classname="tests.test_security_rules.TestSecurityRule" name="test_move_model_instantiation" file="tests/test_security_rules.py" line="1352" time="0.001" /><testcase classname="tests.test_security_rules.TestSecurityRule" name="test_move_payload_generation" file="tests/test_security_rules.py" line="1374" time="0.001" /><testcase classname="tests.test_security_rules.TestSecurityRule" name="test_move_endpoint_construction" file="tests/test_security_rules.py" line="1399" time="0.001" /><testcase classname="tests.test_security_rules.TestSecurityRule" name="test_move_api_call" file="tests/test_security_rules.py" line="1417" time="0.001" /><testcase classname="tests.test_services" name="test_list_services" file="tests/test_services.py" line="12" time="0.001" /><testcase classname="tests.test_services" name="test_create_services" file="tests/test_services.py" line="82" time="0.001" /><testcase classname="tests.test_services" name="test_get_service" file="tests/test_services.py" line="110" time="0.001" /><testcase classname="tests.test_services" name="test_update_service" file="tests/test_services.py" line="143" time="0.001" /><testcase classname="tests.test_services" name="test_service_list_validation_error" file="tests/test_services.py" line="189" time="0.001" /><testcase classname="tests.test_services" name="test_service_list_with_filters" file="tests/test_services.py" line="203" time="0.001" /><testcase classname="tests.test_services" name="test_service_request_model_invalid_uuid" file="tests/test_services.py" line="245" time="0.000" /><testcase classname="tests.test_services" name="test_service_request_model_no_protocol_provided" file="tests/test_services.py" line="258" time="0.001" /><testcase classname="tests.test_services" name="test_service_request_model_multiple_protocols_provided" file="tests/test_services.py" line="269" time="0.000" /><testcase classname="tests.test_services" name="test_service_request_model_no_container_provided" file="tests/test_services.py" line="285" time="0.000" /><testcase classname="tests.test_services" name="test_service_request_model_multiple_containers_provided" file="tests/test_services.py" line="298" time="0.000" /><testcase classname="tests.test_services" name="test_service_response_model_invalid_uuid" file="tests/test_services.py" line="313" time="0.000" /><testcase classname="tests.test_services" name="test_service_request_model_with_device_container" file="tests/test_services.py" line="326" time="0.000" /><testcase classname="tests.test_services" name="test_service_request_model_multiple_containers_with_device" file="tests/test_services.py" line="337" time="0.000" /><testcase classname="tests.test_vulnerability_protection_profiles" name="test_list_vulnerability_protection_profiles" file="tests/test_vulnerability_protection_profiles.py" line="24" time="0.001" /><testcase classname="tests.test_vulnerability_protection_profiles" name="test_create_vulnerability_protection_profile" file="tests/test_vulnerability_protection_profiles.py" line="99" time="0.001" /><testcase classname="tests.test_vulnerability_protection_profiles" name="test_get_vulnerability_protection_profile" file="tests/test_vulnerability_protection_profiles.py" line="182" time="0.001" /><testcase classname="tests.test_vulnerability_protection_profiles" name="test_update_vulnerability_protection_profile" file="tests/test_vulnerability_protection_profiles.py" line="216" time="0.001" /><testcase classname="tests.test_vulnerability_protection_profiles" name="test_delete_vulnerability_protection_profile" file="tests/test_vulnerability_protection_profiles.py" line="286" time="0.001" /><testcase classname="tests.test_vulnerability_protection_profiles" name="test_vulnerability_protection_profile_request_model_validation_errors" file="tests/test_vulnerability_protection_profiles.py" line="308" time="0.000" /><testcase classname="tests.test_vulnerability_protection_profiles" name="test_vulnerability_protection_profile_list_validation_error" file="tests/test_vulnerability_protection_profiles.py" line="367" time="0.001" /><testcase classname="tests.test_vulnerability_protection_profiles" name="test_rule_request_model_validation" file="tests/test_vulnerability_protection_profiles.py" line="384" time="0.000" /><testcase classname="tests.test_vulnerability_protection_profiles" name="test_threat_exception_request_model_validation" file="tests/test_vulnerability_protection_profiles.py" line="409" time="0.000" /><testcase classname="tests.test_vulnerability_protection_profiles" name="test_list_vulnerability_protection_profiles_with_pagination" file="tests/test_vulnerability_protection_profiles.py" line="434" time="0.001" /><testcase classname="tests.test_vulnerability_protection_profiles" name="test_list_vulnerability_protection_profiles_with_name_filter" file="tests/test_vulnerability_protection_profiles.py" line="474" time="0.001" /><testcase classname="tests.test_vulnerability_protection_profiles" name="test_vulnerability_protection_profile_list_with_invalid_pagination" file="tests/test_vulnerability_protection_profiles.py" line="516" time="0.001" /><testcase classname="tests.test_vulnerability_protection_profiles" name="test_action_request_check_and_transform_action" file="tests/test_vulnerability_protection_profiles.py" line="538" time="0.000" /><testcase classname="tests.test_vulnerability_protection_profiles" name="test_action_response_check_action" file="tests/test_vulnerability_protection_profiles.py" line="569" time="0.000" /><testcase classname="tests.test_vulnerability_protection_profiles" name="test_action_request_and_response_get_action_name" file="tests/test_vulnerability_protection_profiles.py" line="598" time="0.000" /><testcase classname="tests.test_vulnerability_protection_profiles" name="test_time_attribute_model_validation" file="tests/test_vulnerability_protection_profiles.py" line="612" time="0.000" /><testcase classname="tests.test_vulnerability_protection_profiles" name="test_action_request_non_block_ip_validation" file="tests/test_vulnerability_protection_profiles.py" line="653" time="0.000" /><testcase classname="tests.test_vulnerability_protection_profiles" name="test_action_request_block_ip_validation" file="tests/test_vulnerability_protection_profiles.py" line="679" time="0.001" /><testcase classname="tests.test_vulnerability_protection_profiles" name="test_action_request_invalid_input" file="tests/test_vulnerability_protection_profiles.py" line="704" time="0.000" /><testcase classname="tests.test_vulnerability_protection_profiles" name="test_action_response_validation" file="tests/test_vulnerability_protection_profiles.py" line="724" time="0.000" /><testcase classname="tests.test_wildfire_antivirus_profiles" name="test_list_wildfire_antivirus_profiles" file="tests/test_wildfire_antivirus_profiles.py" line="16" time="0.001" /><testcase classname="tests.test_wildfire_antivirus_profiles" name="test_create_wildfire_antivirus_profile" file="tests/test_wildfire_antivirus_profiles.py" line="85" time="0.001" /><testcase classname="tests.test_wildfire_antivirus_profiles" name="test_get_wildfire_antivirus_profile" file="tests/test_wildfire_antivirus_profiles.py" line="150" time="0.001" /><testcase classname="tests.test_wildfire_antivirus_profiles" name="test_update_wildfire_antivirus_profile" file="tests/test_wildfire_antivirus_profiles.py" line="194" time="0.001" /><testcase classname="tests.test_wildfire_antivirus_profiles" name="test_delete_wildfire_antivirus_profile" file="tests/test_wildfire_antivirus_profiles.py" line="244" time="0.001" /><testcase classname="tests.test_wildfire_antivirus_profiles" name="test_wildfire_antivirus_profile_request_model_validation_errors" file="tests/test_wildfire_antivirus_profiles.py" line="266" time="0.000" /><testcase classname="tests.test_wildfire_antivirus_profiles" name="test_wildfire_antivirus_profile_list_validation_error" file="tests/test_wildfire_antivirus_profiles.py" line="339" time="0.001" /><testcase classname="tests.test_wildfire_antivirus_profiles" name="test_list_wildfire_antivirus_profiles_with_pagination" file="tests/test_wildfire_antivirus_profiles.py" line="356" time="0.001" /><testcase classname="tests.test_wildfire_antivirus_profiles" name="test_wildfire_antivirus_profile_list_with_invalid_pagination" file="tests/test_wildfire_antivirus_profiles.py" line="443" time="0.001" /><testcase classname="tests.test_wildfire_antivirus_profiles" name="test_rule_request_model_validation" file="tests/test_wildfire_antivirus_profiles.py" line="459" time="0.000" /><testcase classname="tests.test_wildfire_antivirus_profiles" name="test_list_wildfire_antivirus_profiles_with_name_filter" file="tests/test_wildfire_antivirus_profiles.py" line="485" time="0.001" /></testsuite></testsuites>